# serializer version: 1
# name: test_get_activities_period
  list([
    dict({
      'active_calories_burnt': 85.497,
      'average_heart_rate': 80,
      'date': datetime.date(2023, 10, 20),
      'distance': 1028.559,
      'duration_heart_rate_intense_zone': 300,
      'duration_heart_rate_light_zone': 100,
      'duration_heart_rate_maximal_zone': 400,
      'duration_heart_rate_moderate_zone': 200,
      'elevation': 0,
      'intense_activity': 0,
      'is_withings_tracker': False,
      'max_heart_rate': 80,
      'min_heart_rate': 70,
      'moderate_activity': 292,
      'modified': datetime.datetime(2023, 10, 21, 10, 40, 56, tzinfo=datetime.timezone.utc),
      'origin': <ActivityDataOrigin.EXTERNAL: 18>,
      'soft_activity': 1864,
      'steps': 1209,
      'total_calories_burnt': 2303.788,
      'total_time_active': 292,
    }),
    dict({
      'active_calories_burnt': 134.132,
      'average_heart_rate': None,
      'date': datetime.date(2023, 10, 21),
      'distance': 1020.121,
      'duration_heart_rate_intense_zone': None,
      'duration_heart_rate_light_zone': None,
      'duration_heart_rate_maximal_zone': None,
      'duration_heart_rate_moderate_zone': None,
      'elevation': 0,
      'intense_activity': 420,
      'is_withings_tracker': False,
      'max_heart_rate': None,
      'min_heart_rate': None,
      'moderate_activity': 287,
      'modified': datetime.datetime(2023, 10, 21, 11, 22, 29, tzinfo=datetime.timezone.utc),
      'origin': <ActivityDataOrigin.EXTERNAL: 18>,
      'soft_activity': 1516,
      'steps': 1155,
      'total_calories_burnt': 2357.149,
      'total_time_active': 707,
    }),
  ])
# ---
# name: test_get_activities_since
  list([
    dict({
      'active_calories_burnt': 85.497,
      'average_heart_rate': 80,
      'date': datetime.date(2023, 10, 20),
      'distance': 1028.559,
      'duration_heart_rate_intense_zone': 300,
      'duration_heart_rate_light_zone': 100,
      'duration_heart_rate_maximal_zone': 400,
      'duration_heart_rate_moderate_zone': 200,
      'elevation': 0,
      'intense_activity': 0,
      'is_withings_tracker': False,
      'max_heart_rate': 80,
      'min_heart_rate': 70,
      'moderate_activity': 292,
      'modified': datetime.datetime(2023, 10, 21, 10, 40, 56, tzinfo=datetime.timezone.utc),
      'origin': <ActivityDataOrigin.EXTERNAL: 18>,
      'soft_activity': 1864,
      'steps': 1209,
      'total_calories_burnt': 2303.788,
      'total_time_active': 292,
    }),
    dict({
      'active_calories_burnt': 134.132,
      'average_heart_rate': None,
      'date': datetime.date(2023, 10, 21),
      'distance': 1020.121,
      'duration_heart_rate_intense_zone': None,
      'duration_heart_rate_light_zone': None,
      'duration_heart_rate_maximal_zone': None,
      'duration_heart_rate_moderate_zone': None,
      'elevation': 0,
      'intense_activity': 420,
      'is_withings_tracker': False,
      'max_heart_rate': None,
      'min_heart_rate': None,
      'moderate_activity': 287,
      'modified': datetime.datetime(2023, 10, 21, 11, 22, 29, tzinfo=datetime.timezone.utc),
      'origin': <ActivityDataOrigin.EXTERNAL: 18>,
      'soft_activity': 1516,
      'steps': 1155,
      'total_calories_burnt': 2357.149,
      'total_time_active': 707,
    }),
  ])
# ---
