# serializer version: 1
# name: test_get_measurement_period
  list([
    dict({
      'attribution': <MeasurementAttribution.DEVICE_ENTRY_FOR_USER: 0>,
      'category': <MeasurementGroupCategory.REAL: 1>,
      'device_id': 'f998be4b9ccc9e136fd8cd8e8e344c31ec3b271d',
      'group_id': 4815757309,
      'hashed_device_id': 'f998be4b9ccc9e136fd8cd8e8e344c31ec3b271d',
      'measurements': list([
        dict({
          'measurement_type': <MeasurementType.WEIGHT: 1>,
          'value': 118.003,
        }),
      ]),
      'stored_at': datetime.datetime(2023, 9, 2, 10, 39, 45, tzinfo=datetime.timezone.utc),
      'taken_at': datetime.datetime(2023, 9, 2, 10, 39, 11, tzinfo=datetime.timezone.utc),
      'updated_at': datetime.datetime(2023, 9, 2, 10, 39, 45, tzinfo=datetime.timezone.utc),
    }),
    dict({
      'attribution': <MeasurementAttribution.DEVICE_ENTRY_FOR_USER: 0>,
      'category': <MeasurementGroupCategory.REAL: 1>,
      'device_id': 'f998be4b9ccc9e136fd8cd8e8e344c31ec3b271d',
      'group_id': 4815757309,
      'hashed_device_id': 'f998be4b9ccc9e136fd8cd8e8e344c31ec3b271d',
      'measurements': list([
        dict({
          'measurement_type': <MeasurementType.WEIGHT: 1>,
          'value': 118.003,
        }),
      ]),
      'stored_at': datetime.datetime(2023, 9, 2, 10, 39, 45, tzinfo=datetime.timezone.utc),
      'taken_at': datetime.datetime(2023, 9, 2, 10, 39, 11, tzinfo=datetime.timezone.utc),
      'updated_at': datetime.datetime(2023, 9, 2, 10, 39, 45, tzinfo=datetime.timezone.utc),
    }),
  ])
# ---
# name: test_get_measurement_since
  list([
    dict({
      'attribution': <MeasurementAttribution.DEVICE_ENTRY_FOR_USER: 0>,
      'category': <MeasurementGroupCategory.REAL: 1>,
      'device_id': 'f998be4b9ccc9e136fd8cd8e8e344c31ec3b271d',
      'group_id': 4815757309,
      'hashed_device_id': 'f998be4b9ccc9e136fd8cd8e8e344c31ec3b271d',
      'measurements': list([
        dict({
          'measurement_type': <MeasurementType.WEIGHT: 1>,
          'value': 118.003,
        }),
      ]),
      'stored_at': datetime.datetime(2023, 9, 2, 10, 39, 45, tzinfo=datetime.timezone.utc),
      'taken_at': datetime.datetime(2023, 9, 2, 10, 39, 11, tzinfo=datetime.timezone.utc),
      'updated_at': datetime.datetime(2023, 9, 2, 10, 39, 45, tzinfo=datetime.timezone.utc),
    }),
    dict({
      'attribution': <MeasurementAttribution.DEVICE_ENTRY_FOR_USER: 0>,
      'category': <MeasurementGroupCategory.REAL: 1>,
      'device_id': 'f998be4b9ccc9e136fd8cd8e8e344c31ec3b271d',
      'group_id': 4815757309,
      'hashed_device_id': 'f998be4b9ccc9e136fd8cd8e8e344c31ec3b271d',
      'measurements': list([
        dict({
          'measurement_type': <MeasurementType.WEIGHT: 1>,
          'value': 118.003,
        }),
      ]),
      'stored_at': datetime.datetime(2023, 9, 2, 10, 39, 45, tzinfo=datetime.timezone.utc),
      'taken_at': datetime.datetime(2023, 9, 2, 10, 39, 11, tzinfo=datetime.timezone.utc),
      'updated_at': datetime.datetime(2023, 9, 2, 10, 39, 45, tzinfo=datetime.timezone.utc),
    }),
  ])
# ---
